Archive member included to satisfy reference by file (symbol)

C:/NXP/S32DS.3.3/S32DS/build_tools/gcc_v9.2/gcc-9.2-arm32-eabi/arm-none-eabi/newlib/lib/thumb/v7e-m/nofp\libc.a(lib_a-exit.o)
                              C:/NXP/S32DS.3.3/S32DS/build_tools/gcc_v9.2/gcc-9.2-arm32-eabi/arm-none-eabi/newlib/lib/thumb/v7e-m/nofp/crt0.o (exit)
C:/NXP/S32DS.3.3/S32DS/build_tools/gcc_v9.2/gcc-9.2-arm32-eabi/arm-none-eabi/newlib/lib/thumb/v7e-m/nofp\libc.a(lib_a-impure.o)
                              C:/NXP/S32DS.3.3/S32DS/build_tools/gcc_v9.2/gcc-9.2-arm32-eabi/arm-none-eabi/newlib/lib/thumb/v7e-m/nofp\libc.a(lib_a-exit.o) (_global_impure_ptr)
C:/NXP/S32DS.3.3/S32DS/build_tools/gcc_v9.2/gcc-9.2-arm32-eabi/arm-none-eabi/newlib/lib/thumb/v7e-m/nofp\libc.a(lib_a-init.o)
                              C:/NXP/S32DS.3.3/S32DS/build_tools/gcc_v9.2/gcc-9.2-arm32-eabi/arm-none-eabi/newlib/lib/thumb/v7e-m/nofp/crt0.o (__libc_init_array)
C:/NXP/S32DS.3.3/S32DS/build_tools/gcc_v9.2/gcc-9.2-arm32-eabi/arm-none-eabi/newlib/lib/thumb/v7e-m/nofp\libc.a(lib_a-memset.o)
                              C:/NXP/S32DS.3.3/S32DS/build_tools/gcc_v9.2/gcc-9.2-arm32-eabi/arm-none-eabi/newlib/lib/thumb/v7e-m/nofp/crt0.o (memset)
C:/NXP/S32DS.3.3/S32DS/build_tools/gcc_v9.2/gcc-9.2-arm32-eabi/arm-none-eabi/newlib/lib/thumb/v7e-m/nofp\libc.a(lib_a-__call_atexit.o)
                              C:/NXP/S32DS.3.3/S32DS/build_tools/gcc_v9.2/gcc-9.2-arm32-eabi/arm-none-eabi/newlib/lib/thumb/v7e-m/nofp\libc.a(lib_a-exit.o) (__call_exitprocs)
C:/NXP/S32DS.3.3/S32DS/build_tools/gcc_v9.2/gcc-9.2-arm32-eabi/arm-none-eabi/newlib/lib/thumb/v7e-m/nofp\libc.a(lib_a-fini.o)
                              C:/NXP/S32DS.3.3/S32DS/build_tools/gcc_v9.2/gcc-9.2-arm32-eabi/arm-none-eabi/newlib/lib/thumb/v7e-m/nofp\libc.a(lib_a-__call_atexit.o) (__libc_fini_array)
C:/NXP/S32DS.3.3/S32DS/build_tools/gcc_v9.2/gcc-9.2-arm32-eabi/arm-none-eabi/newlib/lib/thumb/v7e-m/nofp\libc.a(lib_a-atexit.o)
                              C:/NXP/S32DS.3.3/S32DS/build_tools/gcc_v9.2/gcc-9.2-arm32-eabi/arm-none-eabi/newlib/lib/thumb/v7e-m/nofp\libc.a(lib_a-__call_atexit.o) (atexit)
C:/NXP/S32DS.3.3/S32DS/build_tools/gcc_v9.2/gcc-9.2-arm32-eabi/arm-none-eabi/newlib/lib/thumb/v7e-m/nofp\libc.a(lib_a-__atexit.o)
                              C:/NXP/S32DS.3.3/S32DS/build_tools/gcc_v9.2/gcc-9.2-arm32-eabi/arm-none-eabi/newlib/lib/thumb/v7e-m/nofp\libc.a(lib_a-atexit.o) (__register_exitproc)
C:/NXP/S32DS.3.3/S32DS/build_tools/gcc_v9.2/gcc-9.2-arm32-eabi/arm-none-eabi/newlib/lib/thumb/v7e-m/nofp\libnosys.a(_exit.o)
                              C:/NXP/S32DS.3.3/S32DS/build_tools/gcc_v9.2/gcc-9.2-arm32-eabi/arm-none-eabi/newlib/lib/thumb/v7e-m/nofp\libc.a(lib_a-exit.o) (_exit)

Discarded input sections

 .text          0x00000000        0x0 c:/nxp/s32ds.3.3/s32ds/build_tools/gcc_v9.2/gcc-9.2-arm32-eabi/bin/../lib/gcc/arm-none-eabi/9.2.0/thumb/v7e-m/nofp/crti.o
 .data          0x00000000        0x0 c:/nxp/s32ds.3.3/s32ds/build_tools/gcc_v9.2/gcc-9.2-arm32-eabi/bin/../lib/gcc/arm-none-eabi/9.2.0/thumb/v7e-m/nofp/crti.o
 .bss           0x00000000        0x0 c:/nxp/s32ds.3.3/s32ds/build_tools/gcc_v9.2/gcc-9.2-arm32-eabi/bin/../lib/gcc/arm-none-eabi/9.2.0/thumb/v7e-m/nofp/crti.o
 .data          0x00000000        0x4 c:/nxp/s32ds.3.3/s32ds/build_tools/gcc_v9.2/gcc-9.2-arm32-eabi/bin/../lib/gcc/arm-none-eabi/9.2.0/thumb/v7e-m/nofp/crtbegin.o
 .data          0x00000000        0x0 C:/NXP/S32DS.3.3/S32DS/build_tools/gcc_v9.2/gcc-9.2-arm32-eabi/arm-none-eabi/newlib/lib/thumb/v7e-m/nofp/crt0.o
 .bss           0x00000000        0x0 C:/NXP/S32DS.3.3/S32DS/build_tools/gcc_v9.2/gcc-9.2-arm32-eabi/arm-none-eabi/newlib/lib/thumb/v7e-m/nofp/crt0.o
 .ARM.extab     0x00000000        0x0 C:/NXP/S32DS.3.3/S32DS/build_tools/gcc_v9.2/gcc-9.2-arm32-eabi/arm-none-eabi/newlib/lib/thumb/v7e-m/nofp/crt0.o
 .group         0x00000000        0xc ./Project_Settings/Startup_Code/boot_header.o
 .group         0x00000000        0xc ./Project_Settings/Startup_Code/boot_header.o
 .group         0x00000000        0xc ./Project_Settings/Startup_Code/boot_header.o
 .group         0x00000000        0xc ./Project_Settings/Startup_Code/boot_header.o
 .group         0x00000000        0xc ./Project_Settings/Startup_Code/boot_header.o
 .group         0x00000000        0xc ./Project_Settings/Startup_Code/boot_header.o
 .group         0x00000000        0xc ./Project_Settings/Startup_Code/boot_header.o
 .group         0x00000000        0xc ./Project_Settings/Startup_Code/boot_header.o
 .text          0x00000000        0x0 ./Project_Settings/Startup_Code/boot_header.o
 .data          0x00000000        0x0 ./Project_Settings/Startup_Code/boot_header.o
 .bss           0x00000000        0x0 ./Project_Settings/Startup_Code/boot_header.o
 .group         0x00000000        0xc ./Project_Settings/Startup_Code/startup_ARMCM7.o
 .group         0x00000000        0xc ./Project_Settings/Startup_Code/startup_ARMCM7.o
 .group         0x00000000        0xc ./Project_Settings/Startup_Code/startup_ARMCM7.o
 .group         0x00000000        0xc ./Project_Settings/Startup_Code/startup_ARMCM7.o
 .group         0x00000000        0xc ./Project_Settings/Startup_Code/startup_ARMCM7.o
 .group         0x00000000        0xc ./Project_Settings/Startup_Code/startup_ARMCM7.o
 .group         0x00000000        0xc ./Project_Settings/Startup_Code/startup_ARMCM7.o
 .group         0x00000000        0xc ./Project_Settings/Startup_Code/startup_ARMCM7.o
 .group         0x00000000        0xc ./Project_Settings/Startup_Code/startup_ARMCM7.o
 .group         0x00000000        0xc ./Project_Settings/Startup_Code/startup_ARMCM7.o
 .group         0x00000000        0xc ./Project_Settings/Startup_Code/startup_ARMCM7.o
 .group         0x00000000        0xc ./Project_Settings/Startup_Code/startup_ARMCM7.o
 .group         0x00000000        0xc ./Project_Settings/Startup_Code/startup_ARMCM7.o
 .group         0x00000000        0xc ./Project_Settings/Startup_Code/startup_ARMCM7.o
 .group         0x00000000        0xc ./Project_Settings/Startup_Code/startup_ARMCM7.o
 .group         0x00000000        0xc ./Project_Settings/Startup_Code/startup_ARMCM7.o
 .group         0x00000000        0xc ./Project_Settings/Startup_Code/startup_ARMCM7.o
 .group         0x00000000        0xc ./Project_Settings/Startup_Code/startup_ARMCM7.o
 .group         0x00000000        0xc ./Project_Settings/Startup_Code/startup_ARMCM7.o
 .group         0x00000000        0xc ./Project_Settings/Startup_Code/startup_ARMCM7.o
 .group         0x00000000        0xc ./Project_Settings/Startup_Code/startup_ARMCM7.o
 .group         0x00000000        0xc ./Project_Settings/Startup_Code/startup_ARMCM7.o
 .group         0x00000000        0xc ./Project_Settings/Startup_Code/startup_ARMCM7.o
 .group         0x00000000        0xc ./Project_Settings/Startup_Code/startup_ARMCM7.o
 .group         0x00000000        0xc ./Project_Settings/Startup_Code/startup_ARMCM7.o
 .group         0x00000000        0xc ./Project_Settings/Startup_Code/startup_ARMCM7.o
 .group         0x00000000        0xc ./Project_Settings/Startup_Code/startup_ARMCM7.o
 .group         0x00000000        0xc ./Project_Settings/Startup_Code/startup_ARMCM7.o
 .group         0x00000000        0xc ./Project_Settings/Startup_Code/startup_ARMCM7.o
 .group         0x00000000        0xc ./Project_Settings/Startup_Code/startup_ARMCM7.o
 .group         0x00000000        0xc ./Project_Settings/Startup_Code/startup_ARMCM7.o
 .group         0x00000000        0xc ./Project_Settings/Startup_Code/startup_ARMCM7.o
 .group         0x00000000        0xc ./Project_Settings/Startup_Code/startup_ARMCM7.o
 .group         0x00000000        0xc ./Project_Settings/Startup_Code/startup_ARMCM7.o
 .group         0x00000000        0xc ./Project_Settings/Startup_Code/startup_ARMCM7.o
 .group         0x00000000        0xc ./Project_Settings/Startup_Code/startup_ARMCM7.o
 .group         0x00000000        0xc ./Project_Settings/Startup_Code/startup_ARMCM7.o
 .group         0x00000000        0xc ./Project_Settings/Startup_Code/startup_ARMCM7.o
 .group         0x00000000        0xc ./Project_Settings/Startup_Code/startup_ARMCM7.o
 .group         0x00000000        0xc ./Project_Settings/Startup_Code/startup_ARMCM7.o
 .group         0x00000000        0xc ./Project_Settings/Startup_Code/startup_ARMCM7.o
 .group         0x00000000        0xc ./Project_Settings/Startup_Code/startup_ARMCM7.o
 .group         0x00000000        0xc ./Project_Settings/Startup_Code/startup_ARMCM7.o
 .group         0x00000000        0xc ./Project_Settings/Startup_Code/startup_ARMCM7.o
 .group         0x00000000        0xc ./Project_Settings/Startup_Code/startup_ARMCM7.o
 .group         0x00000000        0xc ./Project_Settings/Startup_Code/startup_ARMCM7.o
 .group         0x00000000        0xc ./Project_Settings/Startup_Code/startup_ARMCM7.o
 .group         0x00000000        0xc ./Project_Settings/Startup_Code/startup_ARMCM7.o
 .group         0x00000000        0xc ./Project_Settings/Startup_Code/startup_ARMCM7.o
 .group         0x00000000        0xc ./Project_Settings/Startup_Code/startup_ARMCM7.o
 .group         0x00000000        0xc ./Project_Settings/Startup_Code/startup_ARMCM7.o
 .group         0x00000000        0xc ./Project_Settings/Startup_Code/startup_ARMCM7.o
 .group         0x00000000        0xc ./Project_Settings/Startup_Code/startup_ARMCM7.o
 .group         0x00000000        0xc ./Project_Settings/Startup_Code/startup_ARMCM7.o
 .group         0x00000000        0xc ./Project_Settings/Startup_Code/startup_ARMCM7.o
 .group         0x00000000        0xc ./Project_Settings/Startup_Code/startup_ARMCM7.o
 .group         0x00000000        0xc ./Project_Settings/Startup_Code/startup_ARMCM7.o
 .group         0x00000000        0xc ./Project_Settings/Startup_Code/startup_ARMCM7.o
 .group         0x00000000        0xc ./Project_Settings/Startup_Code/startup_ARMCM7.o
 .group         0x00000000        0xc ./Project_Settings/Startup_Code/startup_ARMCM7.o
 .group         0x00000000        0xc ./Project_Settings/Startup_Code/startup_ARMCM7.o
 .group         0x00000000        0xc ./Project_Settings/Startup_Code/startup_ARMCM7.o
 .group         0x00000000        0xc ./Project_Settings/Startup_Code/startup_ARMCM7.o
 .group         0x00000000        0xc ./Project_Settings/Startup_Code/startup_ARMCM7.o
 .group         0x00000000        0xc ./Project_Settings/Startup_Code/startup_ARMCM7.o
 .group         0x00000000        0xc ./Project_Settings/Startup_Code/startup_ARMCM7.o
 .group         0x00000000        0xc ./Project_Settings/Startup_Code/startup_ARMCM7.o
 .group         0x00000000        0xc ./Project_Settings/Startup_Code/startup_ARMCM7.o
 .group         0x00000000        0xc ./Project_Settings/Startup_Code/startup_ARMCM7.o
 .group         0x00000000        0xc ./Project_Settings/Startup_Code/startup_ARMCM7.o
 .group         0x00000000        0xc ./Project_Settings/Startup_Code/startup_ARMCM7.o
 .group         0x00000000        0xc ./Project_Settings/Startup_Code/startup_ARMCM7.o
 .group         0x00000000        0xc ./Project_Settings/Startup_Code/startup_ARMCM7.o
 .group         0x00000000        0xc ./Project_Settings/Startup_Code/startup_ARMCM7.o
 .group         0x00000000        0xc ./Project_Settings/Startup_Code/startup_ARMCM7.o
 .group         0x00000000        0xc ./Project_Settings/Startup_Code/startup_ARMCM7.o
 .group         0x00000000        0xc ./Project_Settings/Startup_Code/startup_ARMCM7.o
 .group         0x00000000        0xc ./Project_Settings/Startup_Code/startup_ARMCM7.o
 .text          0x00000000        0x0 ./Project_Settings/Startup_Code/startup_ARMCM7.o
 .data          0x00000000        0x0 ./Project_Settings/Startup_Code/startup_ARMCM7.o
 .bss           0x00000000        0x0 ./Project_Settings/Startup_Code/startup_ARMCM7.o
 .debug_macro   0x00000000      0xa96 ./Project_Settings/Startup_Code/startup_ARMCM7.o
 .debug_macro   0x00000000       0x22 ./Project_Settings/Startup_Code/startup_ARMCM7.o
 .debug_macro   0x00000000       0x8e ./Project_Settings/Startup_Code/startup_ARMCM7.o
 .debug_macro   0x00000000       0x51 ./Project_Settings/Startup_Code/startup_ARMCM7.o
 .debug_macro   0x00000000       0xef ./Project_Settings/Startup_Code/startup_ARMCM7.o
 .debug_macro   0x00000000       0x6a ./Project_Settings/Startup_Code/startup_ARMCM7.o
 .debug_macro   0x00000000      0x1df ./Project_Settings/Startup_Code/startup_ARMCM7.o
 .group         0x00000000        0xc ./Project_Settings/Startup_Code/system_ARMCM7.o
 .group         0x00000000        0xc ./Project_Settings/Startup_Code/system_ARMCM7.o
 .group         0x00000000        0xc ./Project_Settings/Startup_Code/system_ARMCM7.o
 .group         0x00000000        0xc ./Project_Settings/Startup_Code/system_ARMCM7.o
 .group         0x00000000        0xc ./Project_Settings/Startup_Code/system_ARMCM7.o
 .group         0x00000000        0xc ./Project_Settings/Startup_Code/system_ARMCM7.o
 .group         0x00000000        0xc ./Project_Settings/Startup_Code/system_ARMCM7.o
 .group         0x00000000        0xc ./Project_Settings/Startup_Code/system_ARMCM7.o
 .group         0x00000000        0xc ./Project_Settings/Startup_Code/system_ARMCM7.o
 .group         0x00000000        0xc ./Project_Settings/Startup_Code/system_ARMCM7.o
 .group         0x00000000        0xc ./Project_Settings/Startup_Code/system_ARMCM7.o
 .group         0x00000000        0xc ./Project_Settings/Startup_Code/system_ARMCM7.o
 .group         0x00000000        0xc ./Project_Settings/Startup_Code/system_ARMCM7.o
 .group         0x00000000        0xc ./Project_Settings/Startup_Code/system_ARMCM7.o
 .group         0x00000000        0xc ./Project_Settings/Startup_Code/system_ARMCM7.o
 .group         0x00000000        0xc ./Project_Settings/Startup_Code/system_ARMCM7.o
 .text          0x00000000        0x0 ./Project_Settings/Startup_Code/system_ARMCM7.o
 .data          0x00000000        0x0 ./Project_Settings/Startup_Code/system_ARMCM7.o
 .bss           0x00000000        0x0 ./Project_Settings/Startup_Code/system_ARMCM7.o
 .text.SystemCoreClockUpdate
                0x00000000       0x1c ./Project_Settings/Startup_Code/system_ARMCM7.o
 .debug_macro   0x00000000      0xa96 ./Project_Settings/Startup_Code/system_ARMCM7.o
 .debug_macro   0x00000000       0x16 ./Project_Settings/Startup_Code/system_ARMCM7.o
 .debug_macro   0x00000000       0x22 ./Project_Settings/Startup_Code/system_ARMCM7.o
 .debug_macro   0x00000000       0x8e ./Project_Settings/Startup_Code/system_ARMCM7.o
 .debug_macro   0x00000000       0x51 ./Project_Settings/Startup_Code/system_ARMCM7.o
 .debug_macro   0x00000000       0xef ./Project_Settings/Startup_Code/system_ARMCM7.o
 .debug_macro   0x00000000       0x6a ./Project_Settings/Startup_Code/system_ARMCM7.o
 .debug_macro   0x00000000      0x1df ./Project_Settings/Startup_Code/system_ARMCM7.o
 .debug_macro   0x00000000       0x7c ./Project_Settings/Startup_Code/system_ARMCM7.o
 .debug_macro   0x00000000       0x1c ./Project_Settings/Startup_Code/system_ARMCM7.o
 .debug_macro   0x00000000       0x1c ./Project_Settings/Startup_Code/system_ARMCM7.o
 .debug_macro   0x00000000       0x22 ./Project_Settings/Startup_Code/system_ARMCM7.o
 .debug_macro   0x00000000      0x11c ./Project_Settings/Startup_Code/system_ARMCM7.o
 .debug_macro   0x00000000     0x1305 ./Project_Settings/Startup_Code/system_ARMCM7.o
 .debug_macro   0x00000000      0x11f ./Project_Settings/Startup_Code/system_ARMCM7.o
 .debug_macro   0x00000000       0x27 ./Project_Settings/Startup_Code/system_ARMCM7.o
 .group         0x00000000        0xc ./src/main.o
 .group         0x00000000        0xc ./src/main.o
 .group         0x00000000        0xc ./src/main.o
 .group         0x00000000        0xc ./src/main.o
 .group         0x00000000        0xc ./src/main.o
 .group         0x00000000        0xc ./src/main.o
 .group         0x00000000        0xc ./src/main.o
 .group         0x00000000        0xc ./src/main.o
 .group         0x00000000        0xc ./src/main.o
 .group         0x00000000        0xc ./src/main.o
 .group         0x00000000        0xc ./src/main.o
 .group         0x00000000        0xc ./src/main.o
 .group         0x00000000        0xc ./src/main.o
 .group         0x00000000        0xc ./src/main.o
 .group         0x00000000        0xc ./src/main.o
 .group         0x00000000        0xc ./src/main.o
 .group         0x00000000        0xc ./src/main.o
 .group         0x00000000        0xc ./src/main.o
 .group         0x00000000        0xc ./src/main.o
 .group         0x00000000        0xc ./src/main.o
 .group         0x00000000        0xc ./src/main.o
 .group         0x00000000        0xc ./src/main.o
 .group         0x00000000        0xc ./src/main.o
 .group         0x00000000        0xc ./src/main.o
 .group         0x00000000        0xc ./src/main.o
 .group         0x00000000        0xc ./src/main.o
 .group         0x00000000        0xc ./src/main.o
 .group         0x00000000        0xc ./src/main.o
 .group         0x00000000        0xc ./src/main.o
 .group         0x00000000        0xc ./src/main.o
 .group         0x00000000        0xc ./src/main.o
 .group         0x00000000        0xc ./src/main.o
 .group         0x00000000        0xc ./src/main.o
 .group         0x00000000        0xc ./src/main.o
 .group         0x00000000        0xc ./src/main.o
 .group         0x00000000        0xc ./src/main.o
 .group         0x00000000        0xc ./src/main.o
 .group         0x00000000        0xc ./src/main.o
 .group         0x00000000        0xc ./src/main.o
 .group         0x00000000        0xc ./src/main.o
 .group         0x00000000        0xc ./src/main.o
 .group         0x00000000        0xc ./src/main.o
 .group         0x00000000        0xc ./src/main.o
 .group         0x00000000        0xc ./src/main.o
 .group         0x00000000        0xc ./src/main.o
 .group         0x00000000        0xc ./src/main.o
 .group         0x00000000        0xc ./src/main.o
 .group         0x00000000        0xc ./src/main.o
 .group         0x00000000        0xc ./src/main.o
 .group         0x00000000        0xc ./src/main.o
 .group         0x00000000        0xc ./src/main.o
 .group         0x00000000        0xc ./src/main.o
 .group         0x00000000        0xc ./src/main.o
 .group         0x00000000        0xc ./src/main.o
 .group         0x00000000        0xc ./src/main.o
 .group         0x00000000        0xc ./src/main.o
 .group         0x00000000        0xc ./src/main.o
 .group         0x00000000        0xc ./src/main.o
 .group         0x00000000        0xc ./src/main.o
 .group         0x00000000        0xc ./src/main.o
 .group         0x00000000        0xc ./src/main.o
 .group         0x00000000        0xc ./src/main.o
 .group         0x00000000        0xc ./src/main.o
 .group         0x00000000        0xc ./src/main.o
 .group         0x00000000        0xc ./src/main.o
 .group         0x00000000        0xc ./src/main.o
 .group         0x00000000        0xc ./src/main.o
 .group         0x00000000        0xc ./src/main.o
 .group         0x00000000        0xc ./src/main.o
 .group         0x00000000        0xc ./src/main.o
 .group         0x00000000        0xc ./src/main.o
 .text          0x00000000        0x0 ./src/main.o
 .data          0x00000000        0x0 ./src/main.o
 .bss           0x00000000        0x0 ./src/main.o
 .debug_macro   0x00000000      0xa96 ./src/main.o
 .debug_macro   0x00000000       0x16 ./src/main.o
 .debug_macro   0x00000000       0x22 ./src/main.o
 .debug_macro   0x00000000       0x8e ./src/main.o
 .debug_macro   0x00000000       0x51 ./src/main.o
 .debug_macro   0x00000000       0xef ./src/main.o
 .debug_macro   0x00000000       0x6a ./src/main.o
 .debug_macro   0x00000000      0x1df ./src/main.o
 .debug_macro   0x00000000       0x7c ./src/main.o
 .debug_macro   0x00000000      0xba8 ./src/main.o
 .debug_macro   0x00000000     0x10a6 ./src/main.o
 .debug_macro   0x00000000      0x180 ./src/main.o
 .debug_macro   0x00000000       0xf8 ./src/main.o
 .debug_macro   0x00000000      0x370 ./src/main.o
 .debug_macro   0x00000000      0x157 ./src/main.o
 .debug_macro   0x00000000      0x51a ./src/main.o
 .debug_macro   0x00000000     0x2969 ./src/main.o
 .debug_macro   0x00000000       0x8e ./src/main.o
 .debug_macro   0x00000000     0xd22d ./src/main.o
 .debug_macro   0x00000000      0x2ea ./src/main.o
 .debug_macro   0x00000000      0xe49 ./src/main.o
 .debug_macro   0x00000000     0x6cc9 ./src/main.o
 .debug_macro   0x00000000      0xbaa ./src/main.o
 .debug_macro   0x00000000      0xd69 ./src/main.o
 .debug_macro   0x00000000      0xb69 ./src/main.o
 .debug_macro   0x00000000       0x5c ./src/main.o
 .debug_macro   0x00000000      0xdc1 ./src/main.o
 .debug_macro   0x00000000     0x1531 ./src/main.o
 .debug_macro   0x00000000      0x867 ./src/main.o
 .debug_macro   0x00000000       0xca ./src/main.o
 .debug_macro   0x00000000       0xd6 ./src/main.o
 .debug_macro   0x00000000      0x104 ./src/main.o
 .debug_macro   0x00000000      0x5f7 ./src/main.o
 .debug_macro   0x00000000      0x779 ./src/main.o
 .debug_macro   0x00000000      0xe03 ./src/main.o
 .debug_macro   0x00000000      0x932 ./src/main.o
 .debug_macro   0x00000000      0xd53 ./src/main.o
 .debug_macro   0x00000000      0x2da ./src/main.o
 .debug_macro   0x00000000     0x1025 ./src/main.o
 .debug_macro   0x00000000     0x2071 ./src/main.o
 .debug_macro   0x00000000      0x418 ./src/main.o
 .debug_macro   0x00000000      0x3e0 ./src/main.o
 .debug_macro   0x00000000      0xcab ./src/main.o
 .debug_macro   0x00000000     0x15d2 ./src/main.o
 .debug_macro   0x00000000      0x724 ./src/main.o
 .debug_macro   0x00000000      0x6f7 ./src/main.o
 .debug_macro   0x00000000      0x242 ./src/main.o
 .debug_macro   0x00000000      0x20a ./src/main.o
 .debug_macro   0x00000000      0x3f8 ./src/main.o
 .debug_macro   0x00000000       0x69 ./src/main.o
 .debug_macro   0x00000000      0xbd1 ./src/main.o
 .debug_macro   0x00000000       0x46 ./src/main.o
 .debug_macro   0x00000000      0x23a ./src/main.o
 .debug_macro   0x00000000      0xb5f ./src/main.o
 .debug_macro   0x00000000      0x2f4 ./src/main.o
 .debug_macro   0x00000000       0x93 ./src/main.o
 .debug_macro   0x00000000       0xf2 ./src/main.o
 .debug_macro   0x00000000       0x5c ./src/main.o
 .debug_macro   0x00000000     0x7b51 ./src/main.o
 .debug_macro   0x00000000      0xf51 ./src/main.o
 .debug_macro   0x00000000       0xfe ./src/main.o
 .debug_macro   0x00000000      0x2d4 ./src/main.o
 .debug_macro   0x00000000       0x76 ./src/main.o
 .debug_macro   0x00000000       0xb1 ./src/main.o
 .debug_macro   0x00000000      0x1ce ./src/main.o
 .debug_macro   0x00000000      0x56e ./src/main.o
 .debug_macro   0x00000000      0x3f8 ./src/main.o
 .debug_macro   0x00000000      0x338 ./src/main.o
 .debug_macro   0x00000000      0x4c8 ./src/main.o
 .debug_macro   0x00000000      0xd9f ./src/main.o
 .text          0x00000000        0x0 C:/NXP/S32DS.3.3/S32DS/build_tools/gcc_v9.2/gcc-9.2-arm32-eabi/arm-none-eabi/newlib/lib/thumb/v7e-m/nofp\libc.a(lib_a-exit.o)
 .data          0x00000000        0x0 C:/NXP/S32DS.3.3/S32DS/build_tools/gcc_v9.2/gcc-9.2-arm32-eabi/arm-none-eabi/newlib/lib/thumb/v7e-m/nofp\libc.a(lib_a-exit.o)
 .bss           0x00000000        0x0 C:/NXP/S32DS.3.3/S32DS/build_tools/gcc_v9.2/gcc-9.2-arm32-eabi/arm-none-eabi/newlib/lib/thumb/v7e-m/nofp\libc.a(lib_a-exit.o)
 .text          0x00000000        0x0 C:/NXP/S32DS.3.3/S32DS/build_tools/gcc_v9.2/gcc-9.2-arm32-eabi/arm-none-eabi/newlib/lib/thumb/v7e-m/nofp\libc.a(lib_a-impure.o)
 .data          0x00000000        0x0 C:/NXP/S32DS.3.3/S32DS/build_tools/gcc_v9.2/gcc-9.2-arm32-eabi/arm-none-eabi/newlib/lib/thumb/v7e-m/nofp\libc.a(lib_a-impure.o)
 .bss           0x00000000        0x0 C:/NXP/S32DS.3.3/S32DS/build_tools/gcc_v9.2/gcc-9.2-arm32-eabi/arm-none-eabi/newlib/lib/thumb/v7e-m/nofp\libc.a(lib_a-impure.o)
 .data._impure_ptr
                0x00000000        0x4 C:/NXP/S32DS.3.3/S32DS/build_tools/gcc_v9.2/gcc-9.2-arm32-eabi/arm-none-eabi/newlib/lib/thumb/v7e-m/nofp\libc.a(lib_a-impure.o)
 .text          0x00000000        0x0 C:/NXP/S32DS.3.3/S32DS/build_tools/gcc_v9.2/gcc-9.2-arm32-eabi/arm-none-eabi/newlib/lib/thumb/v7e-m/nofp\libc.a(lib_a-init.o)
 .data          0x00000000        0x0 C:/NXP/S32DS.3.3/S32DS/build_tools/gcc_v9.2/gcc-9.2-arm32-eabi/arm-none-eabi/newlib/lib/thumb/v7e-m/nofp\libc.a(lib_a-init.o)
 .bss           0x00000000        0x0 C:/NXP/S32DS.3.3/S32DS/build_tools/gcc_v9.2/gcc-9.2-arm32-eabi/arm-none-eabi/newlib/lib/thumb/v7e-m/nofp\libc.a(lib_a-init.o)
 .text          0x00000000        0x0 C:/NXP/S32DS.3.3/S32DS/build_tools/gcc_v9.2/gcc-9.2-arm32-eabi/arm-none-eabi/newlib/lib/thumb/v7e-m/nofp\libc.a(lib_a-memset.o)
 .data          0x00000000        0x0 C:/NXP/S32DS.3.3/S32DS/build_tools/gcc_v9.2/gcc-9.2-arm32-eabi/arm-none-eabi/newlib/lib/thumb/v7e-m/nofp\libc.a(lib_a-memset.o)
 .bss           0x00000000        0x0 C:/NXP/S32DS.3.3/S32DS/build_tools/gcc_v9.2/gcc-9.2-arm32-eabi/arm-none-eabi/newlib/lib/thumb/v7e-m/nofp\libc.a(lib_a-memset.o)
 .text          0x00000000        0x0 C:/NXP/S32DS.3.3/S32DS/build_tools/gcc_v9.2/gcc-9.2-arm32-eabi/arm-none-eabi/newlib/lib/thumb/v7e-m/nofp\libc.a(lib_a-__call_atexit.o)
 .data          0x00000000        0x0 C:/NXP/S32DS.3.3/S32DS/build_tools/gcc_v9.2/gcc-9.2-arm32-eabi/arm-none-eabi/newlib/lib/thumb/v7e-m/nofp\libc.a(lib_a-__call_atexit.o)
 .bss           0x00000000        0x0 C:/NXP/S32DS.3.3/S32DS/build_tools/gcc_v9.2/gcc-9.2-arm32-eabi/arm-none-eabi/newlib/lib/thumb/v7e-m/nofp\libc.a(lib_a-__call_atexit.o)
 .text          0x00000000        0x0 C:/NXP/S32DS.3.3/S32DS/build_tools/gcc_v9.2/gcc-9.2-arm32-eabi/arm-none-eabi/newlib/lib/thumb/v7e-m/nofp\libc.a(lib_a-fini.o)
 .data          0x00000000        0x0 C:/NXP/S32DS.3.3/S32DS/build_tools/gcc_v9.2/gcc-9.2-arm32-eabi/arm-none-eabi/newlib/lib/thumb/v7e-m/nofp\libc.a(lib_a-fini.o)
 .bss           0x00000000        0x0 C:/NXP/S32DS.3.3/S32DS/build_tools/gcc_v9.2/gcc-9.2-arm32-eabi/arm-none-eabi/newlib/lib/thumb/v7e-m/nofp\libc.a(lib_a-fini.o)
 .text          0x00000000        0x0 C:/NXP/S32DS.3.3/S32DS/build_tools/gcc_v9.2/gcc-9.2-arm32-eabi/arm-none-eabi/newlib/lib/thumb/v7e-m/nofp\libc.a(lib_a-atexit.o)
 .data          0x00000000        0x0 C:/NXP/S32DS.3.3/S32DS/build_tools/gcc_v9.2/gcc-9.2-arm32-eabi/arm-none-eabi/newlib/lib/thumb/v7e-m/nofp\libc.a(lib_a-atexit.o)
 .bss           0x00000000        0x0 C:/NXP/S32DS.3.3/S32DS/build_tools/gcc_v9.2/gcc-9.2-arm32-eabi/arm-none-eabi/newlib/lib/thumb/v7e-m/nofp\libc.a(lib_a-atexit.o)
 .text          0x00000000        0x0 C:/NXP/S32DS.3.3/S32DS/build_tools/gcc_v9.2/gcc-9.2-arm32-eabi/arm-none-eabi/newlib/lib/thumb/v7e-m/nofp\libc.a(lib_a-__atexit.o)
 .data          0x00000000        0x0 C:/NXP/S32DS.3.3/S32DS/build_tools/gcc_v9.2/gcc-9.2-arm32-eabi/arm-none-eabi/newlib/lib/thumb/v7e-m/nofp\libc.a(lib_a-__atexit.o)
 .bss           0x00000000        0x0 C:/NXP/S32DS.3.3/S32DS/build_tools/gcc_v9.2/gcc-9.2-arm32-eabi/arm-none-eabi/newlib/lib/thumb/v7e-m/nofp\libc.a(lib_a-__atexit.o)
 .text          0x00000000        0x0 C:/NXP/S32DS.3.3/S32DS/build_tools/gcc_v9.2/gcc-9.2-arm32-eabi/arm-none-eabi/newlib/lib/thumb/v7e-m/nofp\libnosys.a(_exit.o)
 .data          0x00000000        0x0 C:/NXP/S32DS.3.3/S32DS/build_tools/gcc_v9.2/gcc-9.2-arm32-eabi/arm-none-eabi/newlib/lib/thumb/v7e-m/nofp\libnosys.a(_exit.o)
 .bss           0x00000000        0x0 C:/NXP/S32DS.3.3/S32DS/build_tools/gcc_v9.2/gcc-9.2-arm32-eabi/arm-none-eabi/newlib/lib/thumb/v7e-m/nofp\libnosys.a(_exit.o)
 .text          0x00000000        0x0 c:/nxp/s32ds.3.3/s32ds/build_tools/gcc_v9.2/gcc-9.2-arm32-eabi/bin/../lib/gcc/arm-none-eabi/9.2.0/thumb/v7e-m/nofp/crtend.o
 .data          0x00000000        0x0 c:/nxp/s32ds.3.3/s32ds/build_tools/gcc_v9.2/gcc-9.2-arm32-eabi/bin/../lib/gcc/arm-none-eabi/9.2.0/thumb/v7e-m/nofp/crtend.o
 .bss           0x00000000        0x0 c:/nxp/s32ds.3.3/s32ds/build_tools/gcc_v9.2/gcc-9.2-arm32-eabi/bin/../lib/gcc/arm-none-eabi/9.2.0/thumb/v7e-m/nofp/crtend.o
 .text          0x00000000        0x0 c:/nxp/s32ds.3.3/s32ds/build_tools/gcc_v9.2/gcc-9.2-arm32-eabi/bin/../lib/gcc/arm-none-eabi/9.2.0/thumb/v7e-m/nofp/crtn.o
 .data          0x00000000        0x0 c:/nxp/s32ds.3.3/s32ds/build_tools/gcc_v9.2/gcc-9.2-arm32-eabi/bin/../lib/gcc/arm-none-eabi/9.2.0/thumb/v7e-m/nofp/crtn.o
 .bss           0x00000000        0x0 c:/nxp/s32ds.3.3/s32ds/build_tools/gcc_v9.2/gcc-9.2-arm32-eabi/bin/../lib/gcc/arm-none-eabi/9.2.0/thumb/v7e-m/nofp/crtn.o

Memory Configuration

Name             Origin             Length             Attributes
ITCM             0x00000000         0x00010000         xrw
PFLASH           0x00400000         0x003f4000         xr
DFLASH           0x10000000         0x00020000         xr
DTCM             0x20000000         0x00020000         rw
SRAM0_STDBY      0x20400000         0x00008000         rw
SRAM             0x20408000         0x00048000         rw
*default*        0x00000000         0xffffffff

Linker script and memory map

LOAD c:/nxp/s32ds.3.3/s32ds/build_tools/gcc_v9.2/gcc-9.2-arm32-eabi/bin/../lib/gcc/arm-none-eabi/9.2.0/thumb/v7e-m/nofp/crti.o
LOAD c:/nxp/s32ds.3.3/s32ds/build_tools/gcc_v9.2/gcc-9.2-arm32-eabi/bin/../lib/gcc/arm-none-eabi/9.2.0/thumb/v7e-m/nofp/crtbegin.o
LOAD C:/NXP/S32DS.3.3/S32DS/build_tools/gcc_v9.2/gcc-9.2-arm32-eabi/arm-none-eabi/newlib/lib/thumb/v7e-m/nofp/crt0.o
LOAD ./Project_Settings/Startup_Code/boot_header.o
LOAD ./Project_Settings/Startup_Code/startup_ARMCM7.o
LOAD ./Project_Settings/Startup_Code/system_ARMCM7.o
LOAD ./src/main.o
START GROUP
LOAD c:/nxp/s32ds.3.3/s32ds/build_tools/gcc_v9.2/gcc-9.2-arm32-eabi/bin/../lib/gcc/arm-none-eabi/9.2.0/thumb/v7e-m/nofp\libgcc.a
LOAD C:/NXP/S32DS.3.3/S32DS/build_tools/gcc_v9.2/gcc-9.2-arm32-eabi/arm-none-eabi/newlib/lib/thumb/v7e-m/nofp\libc.a
END GROUP
START GROUP
LOAD c:/nxp/s32ds.3.3/s32ds/build_tools/gcc_v9.2/gcc-9.2-arm32-eabi/bin/../lib/gcc/arm-none-eabi/9.2.0/thumb/v7e-m/nofp\libgcc.a
LOAD C:/NXP/S32DS.3.3/S32DS/build_tools/gcc_v9.2/gcc-9.2-arm32-eabi/arm-none-eabi/newlib/lib/thumb/v7e-m/nofp\libc.a
LOAD C:/NXP/S32DS.3.3/S32DS/build_tools/gcc_v9.2/gcc-9.2-arm32-eabi/arm-none-eabi/newlib/lib/thumb/v7e-m/nofp\libnosys.a
END GROUP
LOAD c:/nxp/s32ds.3.3/s32ds/build_tools/gcc_v9.2/gcc-9.2-arm32-eabi/bin/../lib/gcc/arm-none-eabi/9.2.0/thumb/v7e-m/nofp/crtend.o
LOAD c:/nxp/s32ds.3.3/s32ds/build_tools/gcc_v9.2/gcc-9.2-arm32-eabi/bin/../lib/gcc/arm-none-eabi/9.2.0/thumb/v7e-m/nofp/crtn.o
                0x00001000                __STACK_SIZE = 0x1000
                0x00001000                __HEAP_SIZE = 0x1000

.text           0x00400000     0x148c
 *(.vectors)
 .vectors       0x00400000      0x3c0 ./Project_Settings/Startup_Code/startup_ARMCM7.o
                0x00400000                __Vectors
 *(.text*)
 .text          0x004003c0       0x88 c:/nxp/s32ds.3.3/s32ds/build_tools/gcc_v9.2/gcc-9.2-arm32-eabi/bin/../lib/gcc/arm-none-eabi/9.2.0/thumb/v7e-m/nofp/crtbegin.o
 .text          0x00400448       0x7c C:/NXP/S32DS.3.3/S32DS/build_tools/gcc_v9.2/gcc-9.2-arm32-eabi/arm-none-eabi/newlib/lib/thumb/v7e-m/nofp/crt0.o
                0x00400448                _stack_init
                0x00400450                _start
                0x00400450                _mainCRTStartup
 *fill*         0x004004c4        0x4 
 .text.Reset_Handler
                0x004004c8      0x100 ./Project_Settings/Startup_Code/startup_ARMCM7.o
                0x004004c8                Reset_Handler
 .text.Default_Handler
                0x004005c8        0x6 ./Project_Settings/Startup_Code/startup_ARMCM7.o
                0x004005c8                DMATCD7_Handler
                0x004005c8                DebugMon_Handler
                0x004005c8                FlexCAN3_0_Handler
                0x004005c8                FlexCAN1_1_Handler
                0x004005c8                LPUART14_Handler
                0x004005c8                HardFault_Handler
                0x004005c8                FlexCAN0_0_Handler
                0x004005c8                DMATCD24_Handler
                0x004005c8                SIUL_2_Handler
                0x004005c8                ENET_1_Handler
                0x004005c8                PIT2_Handler
                0x004005c8                SysTick_Handler
                0x004005c8                LPUART13_Handler
                0x004005c8                INT0_Handler
                0x004005c8                DMATCD11_Handler
                0x004005c8                PendSV_Handler
                0x004005c8                NMI_Handler
                0x004005c8                SAI1_Handler
                0x004005c8                DMATCD21_Handler
                0x004005c8                LPCMP0_Handler
                0x004005c8                ENET_3_Handler
                0x004005c8                EMIOS2_5_Handler
                0x004005c8                LPI2C1_Handler
                0x004005c8                DMATCD15_Handler
                0x004005c8                QSPI_Handler
                0x004005c8                HSE_B_4_Handler
                0x004005c8                FlexCAN0_3_Handler
                0x004005c8                EMIOS0_5_Handler
                0x004005c8                CMU0_Handler
                0x004005c8                EMIOS2_4_Handler
                0x004005c8                DMATCD16_Handler
                0x004005c8                WKPU_Handler
                0x004005c8                SIUL_3_Handler
                0x004005c8                DMATCD19_Handler
                0x004005c8                LPUART4_Handler
                0x004005c8                LPUART5_Handler
                0x004005c8                LCU0_Handler
                0x004005c8                BCTU_Handler
                0x004005c8                HSE_B_1_Handler
                0x004005c8                DMATCD20_Handler
                0x004005c8                PIT1_Handler
                0x004005c8                FlexCAN2_1_Handler
                0x004005c8                FlexCAN3_1_Handler
                0x004005c8                ERM_0_Handler
                0x004005c8                EMIOS1_2_Handler
                0x004005c8                RTC_Handler
                0x004005c8                UsageFault_Handler
                0x004005c8                DMATCD23_Handler
                0x004005c8                DMATCD26_Handler
                0x004005c8                EMIOS1_6_Handler
                0x004005c8                FLASH_1_Handler
                0x004005c8                LPUART9_Handler
                0x004005c8                HSE_B_3_Handler
                0x004005c8                LPSPI2_Handler
                0x004005c8                FCCU_0_Handler
                0x004005c8                DMATCD1_Handler
                0x004005c8                CMU1_Handler
                0x004005c8                DMATCD9_Handler
                0x004005c8                LPSPI3_Handler
                0x004005c8                HSE_B_2_Handler
                0x004005c8                LPUART8_Handler
                0x004005c8                DMATCD30_Handler
                0x004005c8                DMATCD8_Handler
                0x004005c8                DMATCD5_Handler
                0x004005c8                LPUART6_Handler
                0x004005c8                EMIOS0_2_Handler
                0x004005c8                DMATCD10_Handler
                0x004005c8                EMIOS1_7_Handler
                0x004005c8                EMIOS1_3_Handler
                0x004005c8                STM1_Handler
                0x004005c8                LPUART3_Handler
                0x004005c8                DMATCD0_Handler
                0x004005c8                FLEXIO_Handler
                0x004005c8                PIT0_Handler
                0x004005c8                DMATCD2_Handler
                0x004005c8                LPUART10_Handler
                0x004005c8                EMIOS0_3_Handler
                0x004005c8                Default_Handler
                0x004005c8                LPUART1_Handler
                0x004005c8                CMU2_Handler
                0x004005c8                INT2_Handler
                0x004005c8                EMIOS0_6_Handler
                0x004005c8                FlexCAN5_1_Handler
                0x004005c8                PMC_Handler
                0x004005c8                SWT1_Handler
                0x004005c8                FlexCAN4_0_Handler
                0x004005c8                ENET_2_Handler
                0x004005c8                LPUART15_Handler
                0x004005c8                DMATCD28_Handler
                0x004005c8                FCCU_1_Handler
                0x004005c8                EMIOS1_4_Handler
                0x004005c8                DMATCD4_Handler
                0x004005c8                DMATCD22_Handler
                0x004005c8                STM0_Handler
                0x004005c8                ADC0_Handler
                0x004005c8                MemManage_Handler
                0x004005c8                DMATCD13_Handler
                0x004005c8                DMATCD12_Handler
                0x004005c8                HSE_B_0_Handler
                0x004005c8                EMIOS1_5_Handler
                0x004005c8                LCU1_Handler
                0x004005c8                SVC_Handler
                0x004005c8                FlexCAN4_1_Handler
                0x004005c8                INT1_Handler
                0x004005c8                FLASH_0_Handler
                0x004005c8                MCM_Handler
                0x004005c8                MU_A_2_Handler
                0x004005c8                SWT0_Handler
                0x004005c8                EMIOS0_4_Handler
                0x004005c8                LPCMP1_Handler
                0x004005c8                EMIOS2_6_Handler
                0x004005c8                LPUART0_Handler
                0x004005c8                LPUART12_Handler
                0x004005c8                FlexCAN0_1_Handler
                0x004005c8                DMATCD18_Handler
                0x004005c8                MU_A_0_Handler
                0x004005c8                MU_A_1_Handler
                0x004005c8                DMATCD31_Handler
                0x004005c8                SAI0_Handler
                0x004005c8                MU_B_2_Handler
                0x004005c8                SIUL_0_Handler
                0x004005c8                MU_B_0_Handler
                0x004005c8                JDC_Handler
                0x004005c8                DMATCD27_Handler
                0x004005c8                LPUART11_Handler
                0x004005c8                FlexCAN0_2_Handler
                0x004005c8                DMATCD14_Handler
                0x004005c8                HSE_B_5_Handler
                0x004005c8                EMIOS2_7_Handler
                0x004005c8                DMATCD6_Handler
                0x004005c8                DMATCD17_Handler
                0x004005c8                LPI2C0_Handler
                0x004005c8                LPUART2_Handler
                0x004005c8                ERM_1_Handler
                0x004005c8                LPUART7_Handler
                0x004005c8                FlexCAN2_0_Handler
                0x004005c8                DMATCD29_Handler
                0x004005c8                LPSPI5_Handler
                0x004005c8                EMIOS2_3_Handler
                0x004005c8                DMATCD25_Handler
                0x004005c8                LPSPI4_Handler
                0x004005c8                LPSPI0_Handler
                0x004005c8                FlexCAN1_0_Handler
                0x004005c8                BusFault_Handler
                0x004005c8                MU_B_1_Handler
                0x004005c8                EMIOS2_2_Handler
                0x004005c8                INT3_Handler
                0x004005c8                RGM_Handler
                0x004005c8                FlexCAN2_2_Handler
                0x004005c8                FLASH_2_Handler
                0x004005c8                LPSPI1_Handler
                0x004005c8                FlexCAN5_0_Handler
                0x004005c8                EMIOS0_7_Handler
                0x004005c8                ENET_0_Handler
                0x004005c8                FlexCAN1_2_Handler
                0x004005c8                LPCMP2_Handler
                0x004005c8                DMATCD3_Handler
                0x004005c8                SIUL_1_Handler
 *fill*         0x004005ce        0x2 
 .text.SystemInit
                0x004005d0       0x28 ./Project_Settings/Startup_Code/system_ARMCM7.o
                0x004005d0                SystemInit
 .text.main     0x004005f8       0x22 ./src/main.o
                0x004005f8                main
 *fill*         0x0040061a        0x2 
 .text.Enable_Interrupt
                0x0040061c       0x34 ./src/main.o
                0x0040061c                Enable_Interrupt
 .text.Switch_to_Clock_Option_A
                0x00400650      0x2e4 ./src/main.o
                0x00400650                Switch_to_Clock_Option_A
 .text.CM7_Cache_Enable
                0x00400934       0xd0 ./src/main.o
                0x00400934                CM7_Cache_Enable
 .text.PORT_setup
                0x00400a04      0x184 ./src/main.o
                0x00400a04                PORT_setup
 .text.TRGMUX_setup
                0x00400b88       0x7c ./src/main.o
                0x00400b88                TRGMUX_setup
 .text.ADC_setup
                0x00400c04      0x278 ./src/main.o
                0x00400c04                ADC_setup
 .text.eMIOS_setup
                0x00400e7c      0x1f4 ./src/main.o
                0x00400e7c                eMIOS_setup
 .text.PIT_setup
                0x00401070       0xa0 ./src/main.o
                0x00401070                PIT_setup
 .text.ADC1_Handler
                0x00401110       0x40 ./src/main.o
                0x00401110                ADC1_Handler
 .text.ADC2_Handler
                0x00401150       0x40 ./src/main.o
                0x00401150                ADC2_Handler
 .text.exit     0x00401190       0x20 C:/NXP/S32DS.3.3/S32DS/build_tools/gcc_v9.2/gcc-9.2-arm32-eabi/arm-none-eabi/newlib/lib/thumb/v7e-m/nofp\libc.a(lib_a-exit.o)
                0x00401190                exit
 .text.__libc_init_array
                0x004011b0       0x48 C:/NXP/S32DS.3.3/S32DS/build_tools/gcc_v9.2/gcc-9.2-arm32-eabi/arm-none-eabi/newlib/lib/thumb/v7e-m/nofp\libc.a(lib_a-init.o)
                0x004011b0                __libc_init_array
 .text.memset   0x004011f8       0x10 C:/NXP/S32DS.3.3/S32DS/build_tools/gcc_v9.2/gcc-9.2-arm32-eabi/arm-none-eabi/newlib/lib/thumb/v7e-m/nofp\libc.a(lib_a-memset.o)
                0x004011f8                memset
 .text.startup.register_fini
                0x00401208       0x14 C:/NXP/S32DS.3.3/S32DS/build_tools/gcc_v9.2/gcc-9.2-arm32-eabi/arm-none-eabi/newlib/lib/thumb/v7e-m/nofp\libc.a(lib_a-__call_atexit.o)
 .text.__call_exitprocs
                0x0040121c       0xa0 C:/NXP/S32DS.3.3/S32DS/build_tools/gcc_v9.2/gcc-9.2-arm32-eabi/arm-none-eabi/newlib/lib/thumb/v7e-m/nofp\libc.a(lib_a-__call_atexit.o)
                0x0040121c                __call_exitprocs
 .text.__libc_fini_array
                0x004012bc       0x28 C:/NXP/S32DS.3.3/S32DS/build_tools/gcc_v9.2/gcc-9.2-arm32-eabi/arm-none-eabi/newlib/lib/thumb/v7e-m/nofp\libc.a(lib_a-fini.o)
                0x004012bc                __libc_fini_array
 .text.atexit   0x004012e4        0xc C:/NXP/S32DS.3.3/S32DS/build_tools/gcc_v9.2/gcc-9.2-arm32-eabi/arm-none-eabi/newlib/lib/thumb/v7e-m/nofp\libc.a(lib_a-atexit.o)
                0x004012e4                atexit
 .text.__register_exitproc
                0x004012f0       0x64 C:/NXP/S32DS.3.3/S32DS/build_tools/gcc_v9.2/gcc-9.2-arm32-eabi/arm-none-eabi/newlib/lib/thumb/v7e-m/nofp\libc.a(lib_a-__atexit.o)
                0x004012f0                __register_exitproc
 .text._exit    0x00401354        0x2 C:/NXP/S32DS.3.3/S32DS/build_tools/gcc_v9.2/gcc-9.2-arm32-eabi/arm-none-eabi/newlib/lib/thumb/v7e-m/nofp\libnosys.a(_exit.o)
                0x00401354                _exit
 *(.init)
 *fill*         0x00401356        0x2 
 .init          0x00401358        0x4 c:/nxp/s32ds.3.3/s32ds/build_tools/gcc_v9.2/gcc-9.2-arm32-eabi/bin/../lib/gcc/arm-none-eabi/9.2.0/thumb/v7e-m/nofp/crti.o
                0x00401358                _init
 .init          0x0040135c        0x8 c:/nxp/s32ds.3.3/s32ds/build_tools/gcc_v9.2/gcc-9.2-arm32-eabi/bin/../lib/gcc/arm-none-eabi/9.2.0/thumb/v7e-m/nofp/crtn.o
 *(.fini)
 .fini          0x00401364        0x4 c:/nxp/s32ds.3.3/s32ds/build_tools/gcc_v9.2/gcc-9.2-arm32-eabi/bin/../lib/gcc/arm-none-eabi/9.2.0/thumb/v7e-m/nofp/crti.o
                0x00401364                _fini
 .fini          0x00401368        0x8 c:/nxp/s32ds.3.3/s32ds/build_tools/gcc_v9.2/gcc-9.2-arm32-eabi/bin/../lib/gcc/arm-none-eabi/9.2.0/thumb/v7e-m/nofp/crtn.o
 *crtbegin.o(.ctors)
 *crtbegin?.o(.ctors)
 *(EXCLUDE_FILE(*crtend.o *crtend?.o) .ctors)
 *(SORT_BY_NAME(.ctors.*))
 *(.ctors)
 *crtbegin.o(.dtors)
 *crtbegin?.o(.dtors)
 *(EXCLUDE_FILE(*crtend.o *crtend?.o) .dtors)
 *(SORT_BY_NAME(.dtors.*))
 *(.dtors)
 *(.rodata*)
 .rodata.lc_config
                0x00401370        0x4 ./Project_Settings/Startup_Code/boot_header.o
                0x00401370                lc_config
 .rodata.xrdc_config
                0x00401374      0x110 ./Project_Settings/Startup_Code/boot_header.o
                0x00401374                xrdc_config
 .rodata._global_impure_ptr
                0x00401484        0x4 C:/NXP/S32DS.3.3/S32DS/build_tools/gcc_v9.2/gcc-9.2-arm32-eabi/arm-none-eabi/newlib/lib/thumb/v7e-m/nofp\libc.a(lib_a-impure.o)
                0x00401484                _global_impure_ptr
 *(.eh_frame*)
 .eh_frame      0x00401488        0x0 c:/nxp/s32ds.3.3/s32ds/build_tools/gcc_v9.2/gcc-9.2-arm32-eabi/bin/../lib/gcc/arm-none-eabi/9.2.0/thumb/v7e-m/nofp/crtbegin.o
 .eh_frame      0x00401488        0x4 c:/nxp/s32ds.3.3/s32ds/build_tools/gcc_v9.2/gcc-9.2-arm32-eabi/bin/../lib/gcc/arm-none-eabi/9.2.0/thumb/v7e-m/nofp/crtend.o

.glue_7         0x0040148c        0x0
 .glue_7        0x0040148c        0x0 linker stubs

.glue_7t        0x0040148c        0x0
 .glue_7t       0x0040148c        0x0 linker stubs

.vfp11_veneer   0x0040148c        0x0
 .vfp11_veneer  0x0040148c        0x0 linker stubs

.v4_bx          0x0040148c        0x0
 .v4_bx         0x0040148c        0x0 linker stubs

.iplt           0x0040148c        0x0
 .iplt          0x0040148c        0x0 c:/nxp/s32ds.3.3/s32ds/build_tools/gcc_v9.2/gcc-9.2-arm32-eabi/bin/../lib/gcc/arm-none-eabi/9.2.0/thumb/v7e-m/nofp/crtbegin.o

.ARM.extab
 *(.ARM.extab* .gnu.linkonce.armextab.*)
                0x0040148c                __exidx_start = .

.ARM.exidx      0x0040148c        0x8
 *(.ARM.exidx* .gnu.linkonce.armexidx.*)
 .ARM.exidx     0x0040148c        0x8 C:/NXP/S32DS.3.3/S32DS/build_tools/gcc_v9.2/gcc-9.2-arm32-eabi/arm-none-eabi/newlib/lib/thumb/v7e-m/nofp/crt0.o
                                 0x10 (size before relaxing)
                0x00401494                __exidx_end = .

.ecc.table      0x00401494       0x60
                0x00401494                . = ALIGN (0x4)
                0x00401494                __ecc_table_start__ = .
                0x00401494        0x8 QUAD 0x20408000 __data_start__
                0x0040149c        0x8 QUAD 0x86 ((__data_end__ - __data_start__) / 0x8)
                0x004014a4        0x8 QUAD 0x20408430 __bss_start__
                0x004014ac        0x8 QUAD 0x4 ((__bss_end__ - __bss_start__) / 0x8)
                0x004014b4        0x8 QUAD 0x20408450 __HeapTop
                0x004014bc        0x8 QUAD 0x200 ((__HeapLimit - __HeapTop) / 0x8)
                0x004014c4        0x8 QUAD 0x2044f000 __StackLimit
                0x004014cc        0x8 QUAD 0x200 ((__StackTop - __StackLimit) / 0x8)
                0x004014d4        0x8 QUAD 0x0 ORIGIN (ITCM)
                0x004014dc        0x8 QUAD 0x2000 (LENGTH (ITCM) / 0x8)
                0x004014e4        0x8 QUAD 0x20000000 ORIGIN (DTCM)
                0x004014ec        0x8 QUAD 0x4000 (LENGTH (DTCM) / 0x8)
                0x004014f4                __ecc_table_end__ = .

.copy.table     0x004014f4        0xc
                0x004014f4                . = ALIGN (0x4)
                0x004014f4                __copy_table_start__ = .
                0x004014f4        0x4 LONG 0x401500 __etext
                0x004014f8        0x4 LONG 0x20408000 __data_start__
                0x004014fc        0x4 LONG 0x10c ((__data_end__ - __data_start__) / 0x4)
                0x00401500                __copy_table_end__ = .

.zero.table     0x00401500        0x0
                0x00401500                . = ALIGN (0x4)
                0x00401500                __zero_table_start__ = .
                0x00401500                __zero_table_end__ = .
                0x00401500                __etext = ALIGN (0x8)

.boot_header    0x10000000      0x100
 *(.boot_header)
 .boot_header   0x10000000      0x100 ./Project_Settings/Startup_Code/boot_header.o
                0x10000000                boot_header

.rel.dyn        0x10000100        0x0
 .rel.iplt      0x10000100        0x0 c:/nxp/s32ds.3.3/s32ds/build_tools/gcc_v9.2/gcc-9.2-arm32-eabi/bin/../lib/gcc/arm-none-eabi/9.2.0/thumb/v7e-m/nofp/crtbegin.o

.standby_ram
 *(.standby_ram)

.data           0x20408000      0x430 load address 0x00401500
                0x20408000                . = ALIGN (0x8)
                0x20408000                __data_start__ = .
 *(vtable)
 *(.data)
 *(.data.*)
 .data.SystemCoreClock
                0x20408000        0x4 ./Project_Settings/Startup_Code/system_ARMCM7.o
                0x20408000                SystemCoreClock
 *fill*         0x20408004        0x4 
 .data.impure_data
                0x20408008      0x418 C:/NXP/S32DS.3.3/S32DS/build_tools/gcc_v9.2/gcc-9.2-arm32-eabi/arm-none-eabi/newlib/lib/thumb/v7e-m/nofp\libc.a(lib_a-impure.o)
                0x20408420                . = ALIGN (0x4)
                0x20408420                PROVIDE (__preinit_array_start = .)
 *(.preinit_array)
                0x20408420                PROVIDE (__preinit_array_end = .)
                0x20408420                . = ALIGN (0x4)
                0x20408420                PROVIDE (__init_array_start = .)
 *(SORT_BY_NAME(.init_array.*))
 .init_array.00000
                0x20408420        0x4 C:/NXP/S32DS.3.3/S32DS/build_tools/gcc_v9.2/gcc-9.2-arm32-eabi/arm-none-eabi/newlib/lib/thumb/v7e-m/nofp\libc.a(lib_a-__call_atexit.o)
 *(.init_array)
 .init_array    0x20408424        0x4 c:/nxp/s32ds.3.3/s32ds/build_tools/gcc_v9.2/gcc-9.2-arm32-eabi/bin/../lib/gcc/arm-none-eabi/9.2.0/thumb/v7e-m/nofp/crtbegin.o
                0x20408428                PROVIDE (__init_array_end = .)
                0x20408428                . = ALIGN (0x4)
                0x20408428                PROVIDE (__fini_array_start = .)
 *(SORT_BY_NAME(.fini_array.*))
 *(.fini_array)
 .fini_array    0x20408428        0x4 c:/nxp/s32ds.3.3/s32ds/build_tools/gcc_v9.2/gcc-9.2-arm32-eabi/bin/../lib/gcc/arm-none-eabi/9.2.0/thumb/v7e-m/nofp/crtbegin.o
                0x2040842c                PROVIDE (__fini_array_end = .)
 *(.jcr*)
                0x20408430                . = ALIGN (0x8)
 *fill*         0x2040842c        0x4 
                0x20408430                __data_end__ = .

.tm_clone_table
                0x20408430        0x0 load address 0x00401930
 .tm_clone_table
                0x20408430        0x0 c:/nxp/s32ds.3.3/s32ds/build_tools/gcc_v9.2/gcc-9.2-arm32-eabi/bin/../lib/gcc/arm-none-eabi/9.2.0/thumb/v7e-m/nofp/crtbegin.o
 .tm_clone_table
                0x20408430        0x0 c:/nxp/s32ds.3.3/s32ds/build_tools/gcc_v9.2/gcc-9.2-arm32-eabi/bin/../lib/gcc/arm-none-eabi/9.2.0/thumb/v7e-m/nofp/crtend.o

.igot.plt       0x20408430        0x0 load address 0x00401930
 .igot.plt      0x20408430        0x0 c:/nxp/s32ds.3.3/s32ds/build_tools/gcc_v9.2/gcc-9.2-arm32-eabi/bin/../lib/gcc/arm-none-eabi/9.2.0/thumb/v7e-m/nofp/crtbegin.o

.bss            0x20408430       0x20 load address 0x00401930
                0x20408430                . = ALIGN (0x8)
                0x20408430                __bss_start__ = .
 *(.bss)
 .bss           0x20408430       0x1c c:/nxp/s32ds.3.3/s32ds/build_tools/gcc_v9.2/gcc-9.2-arm32-eabi/bin/../lib/gcc/arm-none-eabi/9.2.0/thumb/v7e-m/nofp/crtbegin.o
 *(.bss.*)
 *(COMMON)
                0x20408450                . = ALIGN (0x8)
 *fill*         0x2040844c        0x4 
                0x20408450                __bss_end__ = .

.heap           0x20408450     0x1000
                0x20408450                . = ALIGN (0x8)
                0x20408450                __HeapTop = .
                0x20408450                __end__ = .
                0x20408450                _end = .
                [!provide]                PROVIDE (end = .)
                0x20409450                . = (. + __HEAP_SIZE)
 *fill*         0x20408450     0x1000 
                0x20409450                . = ALIGN (0x8)
                0x20409450                __HeapLimit = .

.stack          0x2044f000     0x1000
                0x2044f000                . = ALIGN (0x8)
                0x2044f000                __StackLimit = .
                0x20450000                . = (. + __STACK_SIZE)
 *fill*         0x2044f000     0x1000 
                0x20450000                . = ALIGN (0x8)
                0x20450000                __StackTop = .
                0x20450000                PROVIDE (__stack = __StackTop)
                0x00000001                ASSERT ((__StackLimit >= __HeapLimit), region RAM overflowed with stack)
                0x00400000                CM7_START_ADDRESS = ORIGIN (PFLASH)
                0x20400000                __STDBYRAM_START = ORIGIN (SRAM0_STDBY)
                0x00008000                __STDBYRAM_SIZE = LENGTH (SRAM0_STDBY)
OUTPUT(S32K3EVB_S32DS3p3_PIT_ADC_eMIOS_LED.elf elf32-littlearm)

.ARM.attributes
                0x00000000       0x2a
 .ARM.attributes
                0x00000000       0x1e c:/nxp/s32ds.3.3/s32ds/build_tools/gcc_v9.2/gcc-9.2-arm32-eabi/bin/../lib/gcc/arm-none-eabi/9.2.0/thumb/v7e-m/nofp/crti.o
 .ARM.attributes
                0x0000001e       0x2e c:/nxp/s32ds.3.3/s32ds/build_tools/gcc_v9.2/gcc-9.2-arm32-eabi/bin/../lib/gcc/arm-none-eabi/9.2.0/thumb/v7e-m/nofp/crtbegin.o
 .ARM.attributes
                0x0000004c       0x1c C:/NXP/S32DS.3.3/S32DS/build_tools/gcc_v9.2/gcc-9.2-arm32-eabi/arm-none-eabi/newlib/lib/thumb/v7e-m/nofp/crt0.o
 .ARM.attributes
                0x00000068       0x33 ./Project_Settings/Startup_Code/boot_header.o
 .ARM.attributes
                0x0000009b       0x2e ./Project_Settings/Startup_Code/startup_ARMCM7.o
 .ARM.attributes
                0x000000c9       0x2e ./Project_Settings/Startup_Code/system_ARMCM7.o
 .ARM.attributes
                0x000000f7       0x2e ./src/main.o
 .ARM.attributes
                0x00000125       0x2e C:/NXP/S32DS.3.3/S32DS/build_tools/gcc_v9.2/gcc-9.2-arm32-eabi/arm-none-eabi/newlib/lib/thumb/v7e-m/nofp\libc.a(lib_a-exit.o)
 .ARM.attributes
                0x00000153       0x2e C:/NXP/S32DS.3.3/S32DS/build_tools/gcc_v9.2/gcc-9.2-arm32-eabi/arm-none-eabi/newlib/lib/thumb/v7e-m/nofp\libc.a(lib_a-impure.o)
 .ARM.attributes
                0x00000181       0x2e C:/NXP/S32DS.3.3/S32DS/build_tools/gcc_v9.2/gcc-9.2-arm32-eabi/arm-none-eabi/newlib/lib/thumb/v7e-m/nofp\libc.a(lib_a-init.o)
 .ARM.attributes
                0x000001af       0x2e C:/NXP/S32DS.3.3/S32DS/build_tools/gcc_v9.2/gcc-9.2-arm32-eabi/arm-none-eabi/newlib/lib/thumb/v7e-m/nofp\libc.a(lib_a-memset.o)
 .ARM.attributes
                0x000001dd       0x2e C:/NXP/S32DS.3.3/S32DS/build_tools/gcc_v9.2/gcc-9.2-arm32-eabi/arm-none-eabi/newlib/lib/thumb/v7e-m/nofp\libc.a(lib_a-__call_atexit.o)
 .ARM.attributes
                0x0000020b       0x2e C:/NXP/S32DS.3.3/S32DS/build_tools/gcc_v9.2/gcc-9.2-arm32-eabi/arm-none-eabi/newlib/lib/thumb/v7e-m/nofp\libc.a(lib_a-fini.o)
 .ARM.attributes
                0x00000239       0x2e C:/NXP/S32DS.3.3/S32DS/build_tools/gcc_v9.2/gcc-9.2-arm32-eabi/arm-none-eabi/newlib/lib/thumb/v7e-m/nofp\libc.a(lib_a-atexit.o)
 .ARM.attributes
                0x00000267       0x2e C:/NXP/S32DS.3.3/S32DS/build_tools/gcc_v9.2/gcc-9.2-arm32-eabi/arm-none-eabi/newlib/lib/thumb/v7e-m/nofp\libc.a(lib_a-__atexit.o)
 .ARM.attributes
                0x00000295       0x2e C:/NXP/S32DS.3.3/S32DS/build_tools/gcc_v9.2/gcc-9.2-arm32-eabi/arm-none-eabi/newlib/lib/thumb/v7e-m/nofp\libnosys.a(_exit.o)
 .ARM.attributes
                0x000002c3       0x2e c:/nxp/s32ds.3.3/s32ds/build_tools/gcc_v9.2/gcc-9.2-arm32-eabi/bin/../lib/gcc/arm-none-eabi/9.2.0/thumb/v7e-m/nofp/crtend.o
 .ARM.attributes
                0x000002f1       0x1e c:/nxp/s32ds.3.3/s32ds/build_tools/gcc_v9.2/gcc-9.2-arm32-eabi/bin/../lib/gcc/arm-none-eabi/9.2.0/thumb/v7e-m/nofp/crtn.o

.comment        0x00000000       0x80
 .comment       0x00000000       0x80 c:/nxp/s32ds.3.3/s32ds/build_tools/gcc_v9.2/gcc-9.2-arm32-eabi/bin/../lib/gcc/arm-none-eabi/9.2.0/thumb/v7e-m/nofp/crtbegin.o
                                 0x81 (size before relaxing)
 .comment       0x00000080       0x81 ./Project_Settings/Startup_Code/boot_header.o
 .comment       0x00000080       0x81 ./Project_Settings/Startup_Code/startup_ARMCM7.o
 .comment       0x00000080       0x81 ./Project_Settings/Startup_Code/system_ARMCM7.o
 .comment       0x00000080       0x81 ./src/main.o
 .comment       0x00000080       0x81 c:/nxp/s32ds.3.3/s32ds/build_tools/gcc_v9.2/gcc-9.2-arm32-eabi/bin/../lib/gcc/arm-none-eabi/9.2.0/thumb/v7e-m/nofp/crtend.o

.debug_info     0x00000000     0x3c8c
 .debug_info    0x00000000      0x2dc ./Project_Settings/Startup_Code/boot_header.o
 .debug_info    0x000002dc      0x501 ./Project_Settings/Startup_Code/startup_ARMCM7.o
 .debug_info    0x000007dd      0x4b3 ./Project_Settings/Startup_Code/system_ARMCM7.o
 .debug_info    0x00000c90     0x2ffc ./src/main.o

.debug_abbrev   0x00000000      0x566
 .debug_abbrev  0x00000000       0xb1 ./Project_Settings/Startup_Code/boot_header.o
 .debug_abbrev  0x000000b1      0x20c ./Project_Settings/Startup_Code/startup_ARMCM7.o
 .debug_abbrev  0x000002bd       0xfc ./Project_Settings/Startup_Code/system_ARMCM7.o
 .debug_abbrev  0x000003b9      0x1ad ./src/main.o

.debug_aranges  0x00000000       0xd8
 .debug_aranges
                0x00000000       0x18 ./Project_Settings/Startup_Code/boot_header.o
 .debug_aranges
                0x00000018       0x28 ./Project_Settings/Startup_Code/startup_ARMCM7.o
 .debug_aranges
                0x00000040       0x28 ./Project_Settings/Startup_Code/system_ARMCM7.o
 .debug_aranges
                0x00000068       0x70 ./src/main.o

.debug_macro    0x00000000    0x441d5
 .debug_macro   0x00000000       0x72 ./Project_Settings/Startup_Code/boot_header.o
 .debug_macro   0x00000072      0xa96 ./Project_Settings/Startup_Code/boot_header.o
 .debug_macro   0x00000b08       0x22 ./Project_Settings/Startup_Code/boot_header.o
 .debug_macro   0x00000b2a       0x8e ./Project_Settings/Startup_Code/boot_header.o
 .debug_macro   0x00000bb8       0x51 ./Project_Settings/Startup_Code/boot_header.o
 .debug_macro   0x00000c09       0xef ./Project_Settings/Startup_Code/boot_header.o
 .debug_macro   0x00000cf8       0x6a ./Project_Settings/Startup_Code/boot_header.o
 .debug_macro   0x00000d62      0x1df ./Project_Settings/Startup_Code/boot_header.o
 .debug_macro   0x00000f41       0x10 ./Project_Settings/Startup_Code/boot_header.o
 .debug_macro   0x00000f51      0x341 ./Project_Settings/Startup_Code/startup_ARMCM7.o
 .debug_macro   0x00001292       0x16 ./Project_Settings/Startup_Code/startup_ARMCM7.o
 .debug_macro   0x000012a8       0x7c ./Project_Settings/Startup_Code/startup_ARMCM7.o
 .debug_macro   0x00001324       0x1c ./Project_Settings/Startup_Code/startup_ARMCM7.o
 .debug_macro   0x00001340       0x1c ./Project_Settings/Startup_Code/startup_ARMCM7.o
 .debug_macro   0x0000135c       0x22 ./Project_Settings/Startup_Code/startup_ARMCM7.o
 .debug_macro   0x0000137e      0x11c ./Project_Settings/Startup_Code/startup_ARMCM7.o
 .debug_macro   0x0000149a     0x1305 ./Project_Settings/Startup_Code/startup_ARMCM7.o
 .debug_macro   0x0000279f      0x11f ./Project_Settings/Startup_Code/startup_ARMCM7.o
 .debug_macro   0x000028be       0x27 ./Project_Settings/Startup_Code/startup_ARMCM7.o
 .debug_macro   0x000028e5     0x54ab ./Project_Settings/Startup_Code/startup_ARMCM7.o
 .debug_macro   0x00007d90      0xba8 ./Project_Settings/Startup_Code/startup_ARMCM7.o
 .debug_macro   0x00008938     0x10a6 ./Project_Settings/Startup_Code/startup_ARMCM7.o
 .debug_macro   0x000099de      0x180 ./Project_Settings/Startup_Code/startup_ARMCM7.o
 .debug_macro   0x00009b5e       0xf8 ./Project_Settings/Startup_Code/startup_ARMCM7.o
 .debug_macro   0x00009c56      0x370 ./Project_Settings/Startup_Code/startup_ARMCM7.o
 .debug_macro   0x00009fc6      0x157 ./Project_Settings/Startup_Code/startup_ARMCM7.o
 .debug_macro   0x0000a11d      0x51a ./Project_Settings/Startup_Code/startup_ARMCM7.o
 .debug_macro   0x0000a637     0x2969 ./Project_Settings/Startup_Code/startup_ARMCM7.o
 .debug_macro   0x0000cfa0       0x8e ./Project_Settings/Startup_Code/startup_ARMCM7.o
 .debug_macro   0x0000d02e     0xd22d ./Project_Settings/Startup_Code/startup_ARMCM7.o
 .debug_macro   0x0001a25b      0x2ea ./Project_Settings/Startup_Code/startup_ARMCM7.o
 .debug_macro   0x0001a545      0xe49 ./Project_Settings/Startup_Code/startup_ARMCM7.o
 .debug_macro   0x0001b38e     0x6cc9 ./Project_Settings/Startup_Code/startup_ARMCM7.o
 .debug_macro   0x00022057      0xbaa ./Project_Settings/Startup_Code/startup_ARMCM7.o
 .debug_macro   0x00022c01      0xd69 ./Project_Settings/Startup_Code/startup_ARMCM7.o
 .debug_macro   0x0002396a      0xb69 ./Project_Settings/Startup_Code/startup_ARMCM7.o
 .debug_macro   0x000244d3       0x5c ./Project_Settings/Startup_Code/startup_ARMCM7.o
 .debug_macro   0x0002452f      0xdc1 ./Project_Settings/Startup_Code/startup_ARMCM7.o
 .debug_macro   0x000252f0     0x1531 ./Project_Settings/Startup_Code/startup_ARMCM7.o
 .debug_macro   0x00026821      0x867 ./Project_Settings/Startup_Code/startup_ARMCM7.o
 .debug_macro   0x00027088       0xca ./Project_Settings/Startup_Code/startup_ARMCM7.o
 .debug_macro   0x00027152       0xd6 ./Project_Settings/Startup_Code/startup_ARMCM7.o
 .debug_macro   0x00027228      0x104 ./Project_Settings/Startup_Code/startup_ARMCM7.o
 .debug_macro   0x0002732c      0x5f7 ./Project_Settings/Startup_Code/startup_ARMCM7.o
 .debug_macro   0x00027923      0x779 ./Project_Settings/Startup_Code/startup_ARMCM7.o
 .debug_macro   0x0002809c      0xe03 ./Project_Settings/Startup_Code/startup_ARMCM7.o
 .debug_macro   0x00028e9f      0x932 ./Project_Settings/Startup_Code/startup_ARMCM7.o
 .debug_macro   0x000297d1      0xd53 ./Project_Settings/Startup_Code/startup_ARMCM7.o
 .debug_macro   0x0002a524      0x2da ./Project_Settings/Startup_Code/startup_ARMCM7.o
 .debug_macro   0x0002a7fe     0x1025 ./Project_Settings/Startup_Code/startup_ARMCM7.o
 .debug_macro   0x0002b823     0x2071 ./Project_Settings/Startup_Code/startup_ARMCM7.o
 .debug_macro   0x0002d894      0x418 ./Project_Settings/Startup_Code/startup_ARMCM7.o
 .debug_macro   0x0002dcac      0x3e0 ./Project_Settings/Startup_Code/startup_ARMCM7.o
 .debug_macro   0x0002e08c      0xcab ./Project_Settings/Startup_Code/startup_ARMCM7.o
 .debug_macro   0x0002ed37     0x15d2 ./Project_Settings/Startup_Code/startup_ARMCM7.o
 .debug_macro   0x00030309      0x724 ./Project_Settings/Startup_Code/startup_ARMCM7.o
 .debug_macro   0x00030a2d      0x6f7 ./Project_Settings/Startup_Code/startup_ARMCM7.o
 .debug_macro   0x00031124      0x242 ./Project_Settings/Startup_Code/startup_ARMCM7.o
 .debug_macro   0x00031366      0x20a ./Project_Settings/Startup_Code/startup_ARMCM7.o
 .debug_macro   0x00031570      0x3f8 ./Project_Settings/Startup_Code/startup_ARMCM7.o
 .debug_macro   0x00031968       0x69 ./Project_Settings/Startup_Code/startup_ARMCM7.o
 .debug_macro   0x000319d1      0xbd1 ./Project_Settings/Startup_Code/startup_ARMCM7.o
 .debug_macro   0x000325a2       0x46 ./Project_Settings/Startup_Code/startup_ARMCM7.o
 .debug_macro   0x000325e8      0x23a ./Project_Settings/Startup_Code/startup_ARMCM7.o
 .debug_macro   0x00032822      0xb5f ./Project_Settings/Startup_Code/startup_ARMCM7.o
 .debug_macro   0x00033381      0x2f4 ./Project_Settings/Startup_Code/startup_ARMCM7.o
 .debug_macro   0x00033675       0x93 ./Project_Settings/Startup_Code/startup_ARMCM7.o
 .debug_macro   0x00033708       0xf2 ./Project_Settings/Startup_Code/startup_ARMCM7.o
 .debug_macro   0x000337fa       0x5c ./Project_Settings/Startup_Code/startup_ARMCM7.o
 .debug_macro   0x00033856     0x7b51 ./Project_Settings/Startup_Code/startup_ARMCM7.o
 .debug_macro   0x0003b3a7      0xf51 ./Project_Settings/Startup_Code/startup_ARMCM7.o
 .debug_macro   0x0003c2f8       0xfe ./Project_Settings/Startup_Code/startup_ARMCM7.o
 .debug_macro   0x0003c3f6      0x2d4 ./Project_Settings/Startup_Code/startup_ARMCM7.o
 .debug_macro   0x0003c6ca       0x76 ./Project_Settings/Startup_Code/startup_ARMCM7.o
 .debug_macro   0x0003c740       0xb1 ./Project_Settings/Startup_Code/startup_ARMCM7.o
 .debug_macro   0x0003c7f1      0x1ce ./Project_Settings/Startup_Code/startup_ARMCM7.o
 .debug_macro   0x0003c9bf      0x56e ./Project_Settings/Startup_Code/startup_ARMCM7.o
 .debug_macro   0x0003cf2d      0x3f8 ./Project_Settings/Startup_Code/startup_ARMCM7.o
 .debug_macro   0x0003d325      0x338 ./Project_Settings/Startup_Code/startup_ARMCM7.o
 .debug_macro   0x0003d65d      0x4c8 ./Project_Settings/Startup_Code/startup_ARMCM7.o
 .debug_macro   0x0003db25      0xd9f ./Project_Settings/Startup_Code/startup_ARMCM7.o
 .debug_macro   0x0003e8c4       0xd6 ./Project_Settings/Startup_Code/system_ARMCM7.o
 .debug_macro   0x0003e99a      0x396 ./src/main.o
 .debug_macro   0x0003ed30     0x54a5 ./src/main.o

.debug_line     0x00000000     0x1b00
 .debug_line    0x00000000      0x28d ./Project_Settings/Startup_Code/boot_header.o
 .debug_line    0x0000028d      0x8bf ./Project_Settings/Startup_Code/startup_ARMCM7.o
 .debug_line    0x00000b4c      0x344 ./Project_Settings/Startup_Code/system_ARMCM7.o
 .debug_line    0x00000e90      0xc70 ./src/main.o

.debug_str      0x00000000   0x1f765d
 .debug_str     0x00000000     0x3dcd ./Project_Settings/Startup_Code/boot_header.o
                               0x3f39 (size before relaxing)
 .debug_str     0x00003dcd   0x1f1ea6 ./Project_Settings/Startup_Code/startup_ARMCM7.o
                             0x1f5c55 (size before relaxing)
 .debug_str     0x001f5c73      0x1cc ./Project_Settings/Startup_Code/system_ARMCM7.o
                               0xc1b7 (size before relaxing)
 .debug_str     0x001f5e3f     0x181e ./src/main.o
                             0x1ef5cc (size before relaxing)

.debug_ranges   0x00000000       0x90
 .debug_ranges  0x00000000       0x18 ./Project_Settings/Startup_Code/startup_ARMCM7.o
 .debug_ranges  0x00000018       0x18 ./Project_Settings/Startup_Code/system_ARMCM7.o
 .debug_ranges  0x00000030       0x60 ./src/main.o

.debug_frame    0x00000000      0x36c
 .debug_frame   0x00000000       0x38 ./Project_Settings/Startup_Code/startup_ARMCM7.o
 .debug_frame   0x00000038       0x50 ./Project_Settings/Startup_Code/system_ARMCM7.o
 .debug_frame   0x00000088      0x17c ./src/main.o
 .debug_frame   0x00000204       0x28 C:/NXP/S32DS.3.3/S32DS/build_tools/gcc_v9.2/gcc-9.2-arm32-eabi/arm-none-eabi/newlib/lib/thumb/v7e-m/nofp\libc.a(lib_a-exit.o)
 .debug_frame   0x0000022c       0x2c C:/NXP/S32DS.3.3/S32DS/build_tools/gcc_v9.2/gcc-9.2-arm32-eabi/arm-none-eabi/newlib/lib/thumb/v7e-m/nofp\libc.a(lib_a-init.o)
 .debug_frame   0x00000258       0x20 C:/NXP/S32DS.3.3/S32DS/build_tools/gcc_v9.2/gcc-9.2-arm32-eabi/arm-none-eabi/newlib/lib/thumb/v7e-m/nofp\libc.a(lib_a-memset.o)
 .debug_frame   0x00000278       0x4c C:/NXP/S32DS.3.3/S32DS/build_tools/gcc_v9.2/gcc-9.2-arm32-eabi/arm-none-eabi/newlib/lib/thumb/v7e-m/nofp\libc.a(lib_a-__call_atexit.o)
 .debug_frame   0x000002c4       0x38 C:/NXP/S32DS.3.3/S32DS/build_tools/gcc_v9.2/gcc-9.2-arm32-eabi/arm-none-eabi/newlib/lib/thumb/v7e-m/nofp\libc.a(lib_a-fini.o)
 .debug_frame   0x000002fc       0x20 C:/NXP/S32DS.3.3/S32DS/build_tools/gcc_v9.2/gcc-9.2-arm32-eabi/arm-none-eabi/newlib/lib/thumb/v7e-m/nofp\libc.a(lib_a-atexit.o)
 .debug_frame   0x0000031c       0x30 C:/NXP/S32DS.3.3/S32DS/build_tools/gcc_v9.2/gcc-9.2-arm32-eabi/arm-none-eabi/newlib/lib/thumb/v7e-m/nofp\libc.a(lib_a-__atexit.o)
 .debug_frame   0x0000034c       0x20 C:/NXP/S32DS.3.3/S32DS/build_tools/gcc_v9.2/gcc-9.2-arm32-eabi/arm-none-eabi/newlib/lib/thumb/v7e-m/nofp\libnosys.a(_exit.o)
